COMMAND: cargo test --locked -p marketplace-deal network_unconfirmed_refund_rejects_early_and_unexpected_system_failures -- --nocapture
 Downloading crates ...
  Downloaded bytes v1.12.1
  Downloaded prost-derive v0.12.6
  Downloaded prost v0.12.6
  Downloaded anyhow v1.0.104
  Downloaded itertools v0.12.1
   Compiling proc-macro2 v1.0.107
   Compiling quote v1.0.47
   Compiling unicode-ident v1.0.24
   Compiling version_check v0.9.5
   Compiling cfg-if v1.0.4
   Compiling libc v0.2.189
   Compiling typenum v1.20.1
   Compiling subtle v2.6.1
   Compiling const-oid v0.9.6
   Compiling autocfg v1.5.1
   Compiling zerocopy v0.8.56
   Compiling crossbeam-utils v0.8.23
   Compiling syn v1.0.109
   Compiling crossbeam-epoch v0.9.21
   Compiling crossbeam-deque v0.8.8
   Compiling rayon-core v1.13.0
   Compiling either v1.18.0
   Compiling paste v1.0.15
   Compiling once_cell v1.21.4
   Compiling base16ct v0.2.0
   Compiling serde v1.0.219
   Compiling semver v1.0.28
   Compiling cpufeatures v0.2.17
   Compiling serde_json v1.0.140
   Compiling thiserror v1.0.69
   Compiling memchr v2.8.3
   Compiling ryu v1.0.23
   Compiling schemars v0.8.22
   Compiling itoa v1.0.18
   Compiling allocator-api2 v0.2.21
   Compiling hex v0.4.3
   Compiling dyn-clone v1.0.20
   Compiling unicode-xid v0.2.6
   Compiling byteorder v1.5.0
   Compiling cosmwasm-core v2.2.2
   Compiling base64 v0.22.1
   Compiling static_assertions v1.1.0
   Compiling bech32 v0.11.0
   Compiling bnum v0.11.0
   Compiling anyhow v1.0.104
   Compiling bytes v1.12.1
   Compiling itertools v0.10.5
   Compiling rustc_version v0.4.1
   Compiling generic-array v0.14.7
   Compiling ahash v0.8.12
   Compiling itertools v0.12.1
   Compiling num-traits v0.2.19
   Compiling curve25519-dalek v4.1.3
   Compiling syn v2.0.119
   Compiling num-integer v0.1.47
   Compiling rmp v0.8.14
   Compiling num-bigint v0.4.8
   Compiling rayon v1.12.0
   Compiling getrandom v0.2.17
   Compiling rand_core v0.6.4
   Compiling ff v0.13.1
   Compiling group v0.13.0
   Compiling ppv-lite86 v0.2.21
   Compiling hashbrown v0.13.2
   Compiling hashbrown v0.14.5
   Compiling serde_derive_internals v0.29.1
   Compiling rand_chacha v0.3.1
   Compiling ark-serialize-derive v0.4.2
   Compiling derivative v2.2.0
   Compiling ark-ff-asm v0.4.2
   Compiling ark-ff-macros v0.4.2
   Compiling rand v0.8.8
   Compiling zeroize_derive v1.4.2
   Compiling serde_derive v1.0.219
   Compiling curve25519-dalek-derive v0.1.1
   Compiling thiserror-impl v1.0.69
   Compiling derive_more-impl v1.0.0
   Compiling cosmwasm-derive v2.2.2
   Compiling cosmwasm-schema-derive v2.2.2
   Compiling prost-derive v0.12.6
   Compiling schemars_derive v0.8.22
   Compiling ark-std v0.4.0
   Compiling zeroize v1.8.1
   Compiling der v0.7.10
   Compiling crypto-common v0.1.7
   Compiling block-buffer v0.10.4
   Compiling crypto-bigint v0.5.5
   Compiling digest v0.10.7
   Compiling signature v2.2.0
   Compiling hmac v0.12.1
   Compiling ark-serialize v0.4.2
   Compiling sha2 v0.10.9
   Compiling sec1 v0.7.3
   Compiling ed25519 v2.2.3
   Compiling rfc6979 v0.4.0
   Compiling derive_more v1.0.0
   Compiling prost v0.12.6
   Compiling ark-ff v0.4.2
   Compiling gonka-proto v0.1.0 (/tmp/a8-boundary-build.dwllxwxe/packages/gonka-proto)
   Compiling ed25519-zebra v4.0.3
   Compiling elliptic-curve v0.13.8
   Compiling ecdsa v0.16.9
   Compiling primeorder v0.13.6
   Compiling k256 v0.13.4
   Compiling p256 v0.13.2
   Compiling rmp-serde v1.3.0
   Compiling serde-json-wasm v1.0.1
   Compiling cosmwasm-schema v2.2.2
   Compiling ark-poly v0.4.2
   Compiling ark-ec v0.4.2
   Compiling ark-bls12-381 v0.4.0
   Compiling cosmwasm-crypto v2.2.2
   Compiling cosmwasm-std v2.2.2
   Compiling cw-utils v2.0.0
   Compiling cw-storage-plus v2.0.0
   Compiling marketplace-common v0.1.0 (/tmp/a8-boundary-build.dwllxwxe/packages/marketplace-common)
   Compiling cw20 v2.0.0
   Compiling cw2 v2.0.0
   Compiling marketplace-api v0.1.0 (/tmp/a8-boundary-build.dwllxwxe/packages/marketplace-api)
   Compiling marketplace-deal v0.1.0 (/tmp/a8-boundary-build.dwllxwxe/contracts/marketplace-deal)
    Finished `test` profile [unoptimized + debuginfo] target(s) in 13.79s
     Running unittests src/lib.rs (target/debug/deps/marketplace_deal-d8b56dd3f4724f96)

running 1 test
test contract::tests::network_unconfirmed_refund_rejects_early_and_unexpected_system_failures ... ok

test result: ok. 1 passed; 0 failed; 0 ignored; 0 measured; 50 filtered out; finished in 0.00s


EXIT_CODE: 0
