#0 building with "default" instance using docker driver

#1 [internal] load build definition from Dockerfile
#1 transferring dockerfile: 2.57kB done
#1 DONE 0.0s

#2 resolve image config for docker-image://docker.io/docker/dockerfile:1.4
#2 ...

#3 [auth] docker/dockerfile:pull token for registry-1.docker.io
#3 DONE 0.0s

#2 resolve image config for docker-image://docker.io/docker/dockerfile:1.4
#2 DONE 1.1s

#4 docker-image://docker.io/docker/dockerfile:1.4@sha256:9ba7531bd80fb0a858632727cf7a112fbfd19b17e94c4e84ced81e24ef1a0dbc
#4 resolve docker.io/docker/dockerfile:1.4@sha256:9ba7531bd80fb0a858632727cf7a112fbfd19b17e94c4e84ced81e24ef1a0dbc 0.0s done
#4 CACHED

#5 [internal] load .dockerignore
#5 transferring context: 658B done
#5 DONE 0.0s

#6 [internal] load metadata for docker.io/library/golang:1.24.2-alpine3.21
#6 ...

#7 [auth] library/golang:pull token for registry-1.docker.io
#7 DONE 0.0s

#6 [internal] load metadata for docker.io/library/golang:1.24.2-alpine3.21
#6 DONE 0.8s

#8 [builder 1/9] FROM docker.io/library/golang:1.24.2-alpine3.21@sha256:7772cb5322baa875edd74705556d08f0eeca7b9c4b5367754ce3f2f00041ccee
#8 resolve docker.io/library/golang:1.24.2-alpine3.21@sha256:7772cb5322baa875edd74705556d08f0eeca7b9c4b5367754ce3f2f00041ccee 0.0s done
#8 DONE 0.0s

#9 [internal] load build context
#9 transferring context: 129.34MB 1.0s done
#9 DONE 1.0s

#10 [builder 2/9] RUN apk add --no-cache make gcc musl-dev git patchelf
#10 CACHED

#11 [builder 3/9] RUN if [ "amd64" = "arm64" ]; then         wget -O /lib/libwasmvm_muslc.aarch64.a https://github.com/CosmWasm/wasmvm/releases/download/v2.2.4/libwasmvm_muslc.aarch64.a         && echo "27fb13821dbc519119f4f98c30a42cb32429b111b0fdc883686c34a41777488f /lib/libwasmvm_muslc.aarch64.a" | sha256sum -c         && ln -s /lib/libwasmvm_muslc.aarch64.a /lib/libwasmvm_muslc.a         && rm -f /go/pkg/mod/github.com/!cosm!wasm/wasmvm@v2.2.4/internal/api/libwasmvm.aarch64.so;     else         wget -O /lib/libwasmvm_muslc.x86_64.a https://github.com/CosmWasm/wasmvm/releases/download/v2.2.4/libwasmvm_muslc.x86_64.a         && echo "70c989684d2b48ca17bbd55bb694bbb136d75c393c067ef3bdbca31d2b23b578 /lib/libwasmvm_muslc.x86_64.a" | sha256sum -c         && ln -s /lib/libwasmvm_muslc.x86_64.a /lib/libwasmvm_muslc.a         && rm -f /go/pkg/mod/github.com/!cosm!wasm/wasmvm@v2.2.4/internal/api/libwasmvm.x86_64.so;     fi
#11 CACHED

#12 [builder 4/9] COPY inference-chain/contracts/wrapped-token/artifacts/wrapped_token.wasm /root/wrapped_token.wasm
#12 CACHED

#13 [builder 5/9] WORKDIR /app/inference-chain
#13 CACHED

#14 [builder 6/9] COPY inference-chain/go.mod inference-chain/go.sum ./
#14 CACHED

#15 [builder 7/9] RUN --mount=type=cache,id=go-build-cache,target=/root/.cache/go-build     --mount=type=cache,id=go-mod-cache,target=/go/pkg/mod     CGO_ENABLED=1 CC=gcc     go mod download
#15 CACHED

#16 [builder 8/9] COPY inference-chain/. .
#16 DONE 0.6s

#17 [builder 9/9] RUN --mount=type=cache,id=go-build-cache,target=/root/.cache/go-build     --mount=type=cache,id=go-mod-cache,target=/go/pkg/mod     mkdir -p /boundary-evidence;     go test -mod=readonly -tags=muslc -count=1 -json ./app/a8faults       -run 'TestToQuerierResultClassifiesVMSystemErrors|TestStrictPlanValidation'       > /boundary-evidence/go-test.json 2>&1;     echo $? > /boundary-evidence/exit-code
#17 DONE 7.5s

#18 [boundary-evidence 1/1] COPY --from=builder /boundary-evidence/ /
#18 DONE 0.0s

#19 exporting to client directory
#19 copying files 6.85kB done
#19 DONE 0.0s
